******************************************************************************
                  MSP430 Linker PC v16.9.7                     
******************************************************************************
>> Linked Thu Mar 22 13:43:51 2018

OUTPUT FILE NAME:   <LampController.out>
ENTRY POINT SYMBOL: "_c_int00_noargs_noexit"  address: 0000c628


MEMORY CONFIGURATION

         name            origin    length      used     unused   attr    fill
----------------------  --------  ---------  --------  --------  ----  --------
  SFR                   00000000   00000010  00000000  00000010  RWIX
  PERIPHERALS_8BIT      00000010   000000f0  00000000  000000f0  RWIX
  PERIPHERALS_16BIT     00000100   00000100  00000000  00000100  RWIX
  RAM                   00000200   00000200  000000a8  00000158  RWIX
  INFOD                 00001000   00000040  00000000  00000040  RWIX
  INFOC                 00001040   00000040  00000000  00000040  RWIX
  INFOB                 00001080   00000040  00000000  00000040  RWIX
  INFOA                 000010c0   00000040  00000000  00000040  RWIX
  FLASH                 0000c000   00003fde  00000802  000037dc  RWIX
  BSLSIGNATURE          0000ffde   00000002  00000002  00000000  RWIX  ffff 
  INT00                 0000ffe0   00000002  00000002  00000000  RWIX
  INT01                 0000ffe2   00000002  00000000  00000002  RWIX
  INT02                 0000ffe4   00000002  00000002  00000000  RWIX
  INT03                 0000ffe6   00000002  00000002  00000000  RWIX
  INT04                 0000ffe8   00000002  00000000  00000002  RWIX
  INT05                 0000ffea   00000002  00000002  00000000  RWIX
  INT06                 0000ffec   00000002  00000002  00000000  RWIX
  INT07                 0000ffee   00000002  00000002  00000000  RWIX
  INT08                 0000fff0   00000002  00000002  00000000  RWIX
  INT09                 0000fff2   00000002  00000002  00000000  RWIX
  INT10                 0000fff4   00000002  00000002  00000000  RWIX
  INT11                 0000fff6   00000002  00000002  00000000  RWIX
  INT12                 0000fff8   00000002  00000002  00000000  RWIX
  INT13                 0000fffa   00000002  00000002  00000000  RWIX
  INT14                 0000fffc   00000002  00000002  00000000  RWIX
  RESET                 0000fffe   00000002  00000002  00000000  RWIX


SECTION ALLOCATION MAP

 output                                  attributes/
section   page    origin      length       input sections
--------  ----  ----------  ----------   ----------------
.data      0    00000200    00000042     UNINITIALIZED
                  00000200    00000030     register.obj (.data:ports)
                  00000230    0000000a     main.obj (.data:priv_disp_conf)
                  0000023a    00000004     register.obj (.data)
                  0000023e    00000003     main.obj (.data:priv_timekeeper)
                  00000241    00000001     main.obj (.data)

.bss       0    00000242    00000016     UNINITIALIZED
                  00000242    00000010     main.obj (.bss:timerStr)
                  00000252    00000004     register.obj (.bss)
                  00000256    00000002     (.common:priv_disp_conf_ptr)

.stack     0    000003b0    00000050     UNINITIALIZED
                  000003b0    00000002     rts430_eabi.lib : boot.obj (.stack)
                  000003b2    0000004e     --HOLE--

.text      0    0000c000    000007b2     
                  0000c000    000000fe     display.obj (.text:disp_init)
                  0000c0fe    000000da     register.obj (.text:ports_init)
                  0000c1d8    00000090     main.obj (.text:convertTimerString)
                  0000c268    0000007c     rts430_eabi.lib : copy_decompress_lzss.obj (.text:decompress:lzss:__TI_decompress_lzss)
                  0000c2e4    0000006e                     : autoinit.obj (.text:_auto_init)
                  0000c352    0000005a                     : cpy_tbl.obj (.text:copy_in)
                  0000c3ac    0000005a     display.obj (.text:disp_write_string)
                  0000c406    0000005a     display.obj (.text:execute_LCD)
                  0000c460    00000050     main.obj (.text:main)
                  0000c4b0    0000004c     rts430_eabi.lib : lsr16.obj (.text)
                  0000c4fc    00000048     register.obj (.text:register_init)
                  0000c544    0000003e     register.obj (.text:Timer0_A0)
                  0000c582    00000032     main.obj (.text:incrementTimeKeeper)
                  0000c5b4    0000002c     rts430_eabi.lib : lsl16.obj (.text)
                  0000c5e0    00000026     display.obj (.text:disp_function_set)
                  0000c606    00000022     display.obj (.text:disp_write_char)
                  0000c628    0000001a     rts430_eabi.lib : boot_special.obj (.text:_c_int00_noargs_noexit)
                  0000c642    00000018     register.obj (.text:wait_msec)
                  0000c65a    00000016     rts430_eabi.lib : div16u.obj (.text)
                  0000c670    00000014                     : copy_zero_init.obj (.text:decompress:ZI:__TI_zero_init)
                  0000c684    00000014                     : memset.obj (.text:memset)
                  0000c698    00000014                     : mult16.obj (.text)
                  0000c6ac    00000014     register.obj (.text:set_clk)
                  0000c6c0    00000014     register.obj (.text:set_cs)
                  0000c6d4    00000014     register.obj (.text:set_rs)
                  0000c6e8    00000014     register.obj (.text:timer_init)
                  0000c6fc    00000012     rts430_eabi.lib : copy_decompress_none.obj (.text:decompress:none:__TI_decompress_none)
                  0000c70e    00000012     display.obj (.text:disp_on_off_set)
                  0000c720    00000012     rts430_eabi.lib : memcpy.obj (.text:memcpy)
                  0000c732    00000010                     : epilog.obj (.text)
                  0000c742    00000010     register.obj (.text:set_si)
                  0000c752    00000010     main.obj (.text:timer_1sec)
                  0000c762    0000000e     display.obj (.text:DDR_address_set)
                  0000c770    0000000e     display.obj (.text:disp_empty_char)
                  0000c77e    0000000e     rts430_eabi.lib : strlen.obj (.text:strlen)
                  0000c78c    0000000a     display.obj (.text:write_charcode)
                  0000c796    00000008     rts430_eabi.lib : isr_trap.obj (.text:_isr:__TI_ISR_TRAP)
                  0000c79e    00000006                     : exit.obj (.text:abort)
                  0000c7a4    00000006     display.obj (.text:disp_set_conf)
                  0000c7aa    00000004     rts430_eabi.lib : pre_init.obj (.text:_system_pre_init)
                  0000c7ae    00000002                     : startup.obj (.text:_system_post_cinit)
                  0000c7b0    00000002     main.obj (.text:timer_10msec)

.cinit     0    0000c7b2    00000050     
                  0000c7b2    0000003d     (.cinit..data.load) [load image, compression = lzss]
                  0000c7ef    00000001     --HOLE-- [fill = 0]
                  0000c7f0    00000006     (__TI_handler_table)
                  0000c7f6    00000004     (.cinit..bss.load) [load image, compression = zero_init]
                  0000c7fa    00000008     (__TI_cinit_table)

.binit     0    0000c000    00000000     

.init_array 
*          0    0000c000    00000000     UNINITIALIZED

TRAPINT    0    0000ffe0    00000002     
                  0000ffe0    00000002     rts430_eabi.lib : int00.obj (.int00)

$fill000   0    0000ffde    00000002     
                  0000ffde    00000002     --HOLE-- [fill = ffff]

PORT1      0    0000ffe4    00000002     
                  0000ffe4    00000002     rts430_eabi.lib : int02.obj (.int02)

PORT2      0    0000ffe6    00000002     
                  0000ffe6    00000002     rts430_eabi.lib : int03.obj (.int03)

ADC10      0    0000ffea    00000002     
                  0000ffea    00000002     rts430_eabi.lib : int05.obj (.int05)

USCIAB0TX 
*          0    0000ffec    00000002     
                  0000ffec    00000002     rts430_eabi.lib : int06.obj (.int06)

USCIAB0RX 
*          0    0000ffee    00000002     
                  0000ffee    00000002     rts430_eabi.lib : int07.obj (.int07)

TIMER0_A1 
*          0    0000fff0    00000002     
                  0000fff0    00000002     rts430_eabi.lib : int08.obj (.int08)

TIMER0_A0 
*          0    0000fff2    00000002     
                  0000fff2    00000002     register.obj (.int09)

WDT        0    0000fff4    00000002     
                  0000fff4    00000002     rts430_eabi.lib : int10.obj (.int10)

COMPARATORA 
*          0    0000fff6    00000002     
                  0000fff6    00000002     rts430_eabi.lib : int11.obj (.int11)

TIMER1_A1 
*          0    0000fff8    00000002     
                  0000fff8    00000002     rts430_eabi.lib : int12.obj (.int12)

TIMER1_A0 
*          0    0000fffa    00000002     
                  0000fffa    00000002     rts430_eabi.lib : int13.obj (.int13)

NMI        0    0000fffc    00000002     
                  0000fffc    00000002     rts430_eabi.lib : int14.obj (.int14)

.reset     0    0000fffe    00000002     
                  0000fffe    00000002     rts430_eabi.lib : boot.obj (.reset)

MODULE SUMMARY

       Module                     code   ro data   rw data
       ------                     ----   -------   -------
    .\
       display.obj                568    0         2      
       register.obj               472    2         56     
       main.obj                   292    0         30     
    +--+--------------------------+------+---------+---------+
       Total:                     1332   2         88     
                                                          
    C:\ti\ccsv7\tools\compiler\ti-cgt-msp430_16.9.7.LTS\lib\rts430_eabi.lib
       copy_decompress_lzss.obj   124    0         0      
       autoinit.obj               110    0         0      
       cpy_tbl.obj                90     0         0      
       lsr16.obj                  76     0         0      
       lsl16.obj                  44     0         0      
       boot_special.obj           26     0         0      
       div16u.obj                 22     0         0      
       copy_zero_init.obj         20     0         0      
       memset.obj                 20     0         0      
       mult16.obj                 20     0         0      
       copy_decompress_none.obj   18     0         0      
       memcpy.obj                 18     0         0      
       epilog.obj                 16     0         0      
       strlen.obj                 14     0         0      
       isr_trap.obj               8      0         0      
       exit.obj                   6      0         0      
       pre_init.obj               4      0         0      
       boot.obj                   0      2         0      
       int00.obj                  0      2         0      
       int02.obj                  0      2         0      
       int03.obj                  0      2         0      
       int05.obj                  0      2         0      
       int06.obj                  0      2         0      
       int07.obj                  0      2         0      
       int08.obj                  0      2         0      
       int10.obj                  0      2         0      
       int11.obj                  0      2         0      
       int12.obj                  0      2         0      
       int13.obj                  0      2         0      
       int14.obj                  0      2         0      
       startup.obj                2      0         0      
    +--+--------------------------+------+---------+---------+
       Total:                     638    26        0      
                                                          
       Stack:                     0      0         80     
       Linker Generated:          0      79        0      
    +--+--------------------------+------+---------+---------+
       Grand Total:               1970   107       168    


LINKER GENERATED COPY TABLES

__TI_cinit_table @ 0000c7fa records: 2, size/record: 4, table size: 8
	.data: load addr=0000c7b2, load size=0000003d bytes, run addr=00000200, run size=00000042 bytes, compression=lzss
	.bss: load addr=0000c7f6, load size=00000004 bytes, run addr=00000242, run size=00000016 bytes, compression=zero_init


LINKER GENERATED HANDLER TABLE

__TI_handler_table @ 0000c7f0 records: 3, size/record: 2, table size: 6
	index: 0, handler: __TI_zero_init
	index: 1, handler: __TI_decompress_lzss
	index: 2, handler: __TI_decompress_none


GLOBAL SYMBOLS: SORTED ALPHABETICALLY BY Name 

address   name                    
-------   ----                    
0000004a  ADC10AE0                
000001b0  ADC10CTL0               
000001b2  ADC10CTL1               
00000048  ADC10DTC0               
00000049  ADC10DTC1               
000001b4  ADC10MEM                
000001bc  ADC10SA                 
00000057  BCSCTL1                 
00000058  BCSCTL2                 
00000053  BCSCTL3                 
0000c79e  C$$EXIT                 
00000059  CACTL1                  
0000005a  CACTL2                  
000010fb  CALBC1_12MHZ            
000010f9  CALBC1_16MHZ            
000010ff  CALBC1_1MHZ             
000010fd  CALBC1_8MHZ             
000010fa  CALDCO_12MHZ            
000010f8  CALDCO_16MHZ            
000010fe  CALDCO_1MHZ             
000010fc  CALDCO_8MHZ             
0000005b  CAPD                    
00000056  DCOCTL                  
00000128  FCTL1                   
0000012a  FCTL2                   
0000012c  FCTL3                   
00000000  IE1                     
00000001  IE2                     
00000002  IFG1                    
00000003  IFG2                    
00000022  P1DIR                   
00000025  P1IE                    
00000024  P1IES                   
00000023  P1IFG                   
00000020  P1IN                    
00000021  P1OUT                   
00000027  P1REN                   
00000026  P1SEL                   
00000041  P1SEL2                  
0000002a  P2DIR                   
0000002d  P2IE                    
0000002c  P2IES                   
0000002b  P2IFG                   
00000028  P2IN                    
00000029  P2OUT                   
0000002f  P2REN                   
0000002e  P2SEL                   
00000042  P2SEL2                  
0000001a  P3DIR                   
00000018  P3IN                    
00000019  P3OUT                   
00000010  P3REN                   
0000001b  P3SEL                   
00000043  P3SEL2                  
00000172  TA0CCR0                 
00000174  TA0CCR1                 
00000176  TA0CCR2                 
00000162  TA0CCTL0                
00000164  TA0CCTL1                
00000166  TA0CCTL2                
00000160  TA0CTL                  
0000012e  TA0IV                   
00000170  TA0R                    
00000192  TA1CCR0                 
00000194  TA1CCR1                 
00000196  TA1CCR2                 
00000182  TA1CCTL0                
00000184  TA1CCTL1                
00000186  TA1CCTL2                
00000180  TA1CTL                  
0000011e  TA1IV                   
00000190  TA1R                    
000010db  TLV_ADC10_1_LEN         
000010da  TLV_ADC10_1_TAG         
000010c0  TLV_CHECKSUM            
000010f7  TLV_DCO_30_LEN          
000010f6  TLV_DCO_30_TAG          
0000c544  Timer0_A0               
0000005d  UCA0ABCTL               
00000062  UCA0BR0                 
00000063  UCA0BR1                 
00000060  UCA0CTL0                
00000061  UCA0CTL1                
0000005f  UCA0IRRCTL              
0000005e  UCA0IRTCTL              
00000064  UCA0MCTL                
00000066  UCA0RXBUF               
00000065  UCA0STAT                
00000067  UCA0TXBUF               
0000006a  UCB0BR0                 
0000006b  UCB0BR1                 
00000068  UCB0CTL0                
00000069  UCB0CTL1                
0000006c  UCB0I2CIE               
00000118  UCB0I2COA               
0000011a  UCB0I2CSA               
0000006e  UCB0RXBUF               
0000006d  UCB0STAT                
0000006f  UCB0TXBUF               
00000120  WDTCTL                  
00000400  __STACK_END             
00000050  __STACK_SIZE            
UNDEFED   __TI_BINIT_Base         
UNDEFED   __TI_BINIT_Limit        
0000c7fa  __TI_CINIT_Base         
0000c802  __TI_CINIT_Limit        
0000c7f0  __TI_Handler_Table_Base 
0000c7f6  __TI_Handler_Table_Limit
UNDEFED   __TI_INITARRAY_Base     
UNDEFED   __TI_INITARRAY_Limit    
0000c796  __TI_ISR_TRAP           
0000c268  __TI_decompress_lzss    
0000c6fc  __TI_decompress_none    
0000ffe0  __TI_int00              
0000ffe4  __TI_int02              
0000ffe6  __TI_int03              
0000ffea  __TI_int05              
0000ffec  __TI_int06              
0000ffee  __TI_int07              
0000fff0  __TI_int08              
0000fff2  __TI_int09              
0000fff4  __TI_int10              
0000fff6  __TI_int11              
0000fff8  __TI_int12              
0000fffa  __TI_int13              
0000fffc  __TI_int14              
ffffffff  __TI_pprof_out_hndl     
ffffffff  __TI_prof_data_size     
ffffffff  __TI_prof_data_start    
0000c670  __TI_zero_init          
ffffffff  __c_args__              
0000c65a  __mspabi_divu           
0000c73e  __mspabi_func_epilog_1  
0000c73c  __mspabi_func_epilog_2  
0000c73a  __mspabi_func_epilog_3  
0000c738  __mspabi_func_epilog_4  
0000c736  __mspabi_func_epilog_5  
0000c734  __mspabi_func_epilog_6  
0000c732  __mspabi_func_epilog_7  
0000c698  __mspabi_mpyi           
0000c698  __mspabi_mpyi_sw        
0000c65a  __mspabi_remu           
0000c5b4  __mspabi_slli           
0000c5dc  __mspabi_slli_1         
0000c5ca  __mspabi_slli_10        
0000c5c8  __mspabi_slli_11        
0000c5c6  __mspabi_slli_12        
0000c5c4  __mspabi_slli_13        
0000c5c2  __mspabi_slli_14        
0000c5c0  __mspabi_slli_15        
0000c5da  __mspabi_slli_2         
0000c5d8  __mspabi_slli_3         
0000c5d6  __mspabi_slli_4         
0000c5d4  __mspabi_slli_5         
0000c5d2  __mspabi_slli_6         
0000c5d0  __mspabi_slli_7         
0000c5ce  __mspabi_slli_8         
0000c5cc  __mspabi_slli_9         
0000c4b0  __mspabi_srli           
0000c4f6  __mspabi_srli_1         
0000c4d2  __mspabi_srli_10        
0000c4ce  __mspabi_srli_11        
0000c4ca  __mspabi_srli_12        
0000c4c6  __mspabi_srli_13        
0000c4c2  __mspabi_srli_14        
0000c4be  __mspabi_srli_15        
0000c4f2  __mspabi_srli_2         
0000c4ee  __mspabi_srli_3         
0000c4ea  __mspabi_srli_4         
0000c4e6  __mspabi_srli_5         
0000c4e2  __mspabi_srli_6         
0000c4de  __mspabi_srli_7         
0000c4da  __mspabi_srli_8         
0000c4d6  __mspabi_srli_9         
0000c2e4  _auto_init              
0000c628  _c_int00_noargs_noexit  
0000fffe  _reset_vector           
000003b0  _stack                  
0000c7ae  _system_post_cinit      
0000c7aa  _system_pre_init        
0000c79e  abort                   
0000023c  bReady                  
0000c352  copy_in                 
0000c770  disp_empty_char         
0000c000  disp_init               
0000c7a4  disp_set_conf           
0000c606  disp_write_char         
0000c3ac  disp_write_string       
0000c460  main                    
0000c720  memcpy                  
0000c684  memset                  
00000200  ports                   
0000c0fe  ports_init              
00000256  priv_disp_conf_ptr      
0000c4fc  register_init           
0000c6ac  set_clk                 
0000c6c0  set_cs                  
0000c6d4  set_rs                  
0000c742  set_si                  
0000c77e  strlen                  
0000c6e8  timer_init              
0000c642  wait_msec               


GLOBAL SYMBOLS: SORTED BY Symbol Address 

address   name                    
-------   ----                    
00000000  IE1                     
00000001  IE2                     
00000002  IFG1                    
00000003  IFG2                    
00000010  P3REN                   
00000018  P3IN                    
00000019  P3OUT                   
0000001a  P3DIR                   
0000001b  P3SEL                   
00000020  P1IN                    
00000021  P1OUT                   
00000022  P1DIR                   
00000023  P1IFG                   
00000024  P1IES                   
00000025  P1IE                    
00000026  P1SEL                   
00000027  P1REN                   
00000028  P2IN                    
00000029  P2OUT                   
0000002a  P2DIR                   
0000002b  P2IFG                   
0000002c  P2IES                   
0000002d  P2IE                    
0000002e  P2SEL                   
0000002f  P2REN                   
00000041  P1SEL2                  
00000042  P2SEL2                  
00000043  P3SEL2                  
00000048  ADC10DTC0               
00000049  ADC10DTC1               
0000004a  ADC10AE0                
00000050  __STACK_SIZE            
00000053  BCSCTL3                 
00000056  DCOCTL                  
00000057  BCSCTL1                 
00000058  BCSCTL2                 
00000059  CACTL1                  
0000005a  CACTL2                  
0000005b  CAPD                    
0000005d  UCA0ABCTL               
0000005e  UCA0IRTCTL              
0000005f  UCA0IRRCTL              
00000060  UCA0CTL0                
00000061  UCA0CTL1                
00000062  UCA0BR0                 
00000063  UCA0BR1                 
00000064  UCA0MCTL                
00000065  UCA0STAT                
00000066  UCA0RXBUF               
00000067  UCA0TXBUF               
00000068  UCB0CTL0                
00000069  UCB0CTL1                
0000006a  UCB0BR0                 
0000006b  UCB0BR1                 
0000006c  UCB0I2CIE               
0000006d  UCB0STAT                
0000006e  UCB0RXBUF               
0000006f  UCB0TXBUF               
00000118  UCB0I2COA               
0000011a  UCB0I2CSA               
0000011e  TA1IV                   
00000120  WDTCTL                  
00000128  FCTL1                   
0000012a  FCTL2                   
0000012c  FCTL3                   
0000012e  TA0IV                   
00000160  TA0CTL                  
00000162  TA0CCTL0                
00000164  TA0CCTL1                
00000166  TA0CCTL2                
00000170  TA0R                    
00000172  TA0CCR0                 
00000174  TA0CCR1                 
00000176  TA0CCR2                 
00000180  TA1CTL                  
00000182  TA1CCTL0                
00000184  TA1CCTL1                
00000186  TA1CCTL2                
00000190  TA1R                    
00000192  TA1CCR0                 
00000194  TA1CCR1                 
00000196  TA1CCR2                 
000001b0  ADC10CTL0               
000001b2  ADC10CTL1               
000001b4  ADC10MEM                
000001bc  ADC10SA                 
00000200  ports                   
0000023c  bReady                  
00000256  priv_disp_conf_ptr      
000003b0  _stack                  
00000400  __STACK_END             
000010c0  TLV_CHECKSUM            
000010da  TLV_ADC10_1_TAG         
000010db  TLV_ADC10_1_LEN         
000010f6  TLV_DCO_30_TAG          
000010f7  TLV_DCO_30_LEN          
000010f8  CALDCO_16MHZ            
000010f9  CALBC1_16MHZ            
000010fa  CALDCO_12MHZ            
000010fb  CALBC1_12MHZ            
000010fc  CALDCO_8MHZ             
000010fd  CALBC1_8MHZ             
000010fe  CALDCO_1MHZ             
000010ff  CALBC1_1MHZ             
0000c000  disp_init               
0000c0fe  ports_init              
0000c268  __TI_decompress_lzss    
0000c2e4  _auto_init              
0000c352  copy_in                 
0000c3ac  disp_write_string       
0000c460  main                    
0000c4b0  __mspabi_srli           
0000c4be  __mspabi_srli_15        
0000c4c2  __mspabi_srli_14        
0000c4c6  __mspabi_srli_13        
0000c4ca  __mspabi_srli_12        
0000c4ce  __mspabi_srli_11        
0000c4d2  __mspabi_srli_10        
0000c4d6  __mspabi_srli_9         
0000c4da  __mspabi_srli_8         
0000c4de  __mspabi_srli_7         
0000c4e2  __mspabi_srli_6         
0000c4e6  __mspabi_srli_5         
0000c4ea  __mspabi_srli_4         
0000c4ee  __mspabi_srli_3         
0000c4f2  __mspabi_srli_2         
0000c4f6  __mspabi_srli_1         
0000c4fc  register_init           
0000c544  Timer0_A0               
0000c5b4  __mspabi_slli           
0000c5c0  __mspabi_slli_15        
0000c5c2  __mspabi_slli_14        
0000c5c4  __mspabi_slli_13        
0000c5c6  __mspabi_slli_12        
0000c5c8  __mspabi_slli_11        
0000c5ca  __mspabi_slli_10        
0000c5cc  __mspabi_slli_9         
0000c5ce  __mspabi_slli_8         
0000c5d0  __mspabi_slli_7         
0000c5d2  __mspabi_slli_6         
0000c5d4  __mspabi_slli_5         
0000c5d6  __mspabi_slli_4         
0000c5d8  __mspabi_slli_3         
0000c5da  __mspabi_slli_2         
0000c5dc  __mspabi_slli_1         
0000c606  disp_write_char         
0000c628  _c_int00_noargs_noexit  
0000c642  wait_msec               
0000c65a  __mspabi_divu           
0000c65a  __mspabi_remu           
0000c670  __TI_zero_init          
0000c684  memset                  
0000c698  __mspabi_mpyi           
0000c698  __mspabi_mpyi_sw        
0000c6ac  set_clk                 
0000c6c0  set_cs                  
0000c6d4  set_rs                  
0000c6e8  timer_init              
0000c6fc  __TI_decompress_none    
0000c720  memcpy                  
0000c732  __mspabi_func_epilog_7  
0000c734  __mspabi_func_epilog_6  
0000c736  __mspabi_func_epilog_5  
0000c738  __mspabi_func_epilog_4  
0000c73a  __mspabi_func_epilog_3  
0000c73c  __mspabi_func_epilog_2  
0000c73e  __mspabi_func_epilog_1  
0000c742  set_si                  
0000c770  disp_empty_char         
0000c77e  strlen                  
0000c796  __TI_ISR_TRAP           
0000c79e  C$$EXIT                 
0000c79e  abort                   
0000c7a4  disp_set_conf           
0000c7aa  _system_pre_init        
0000c7ae  _system_post_cinit      
0000c7f0  __TI_Handler_Table_Base 
0000c7f6  __TI_Handler_Table_Limit
0000c7fa  __TI_CINIT_Base         
0000c802  __TI_CINIT_Limit        
0000ffe0  __TI_int00              
0000ffe4  __TI_int02              
0000ffe6  __TI_int03              
0000ffea  __TI_int05              
0000ffec  __TI_int06              
0000ffee  __TI_int07              
0000fff0  __TI_int08              
0000fff2  __TI_int09              
0000fff4  __TI_int10              
0000fff6  __TI_int11              
0000fff8  __TI_int12              
0000fffa  __TI_int13              
0000fffc  __TI_int14              
0000fffe  _reset_vector           
ffffffff  __TI_pprof_out_hndl     
ffffffff  __TI_prof_data_size     
ffffffff  __TI_prof_data_start    
ffffffff  __c_args__              
UNDEFED   __TI_BINIT_Base         
UNDEFED   __TI_BINIT_Limit        
UNDEFED   __TI_INITARRAY_Base     
UNDEFED   __TI_INITARRAY_Limit    

[202 symbols]
